Microchip MPLAB XC8 Compiler V2.32

Linker command line:

-W-3 --edf=C:\Program Files\Microchip\xc8\v2.32\pic\dat\en_msgs.txt -cn \
  -h+dist/default/production\PWM-Olusturma.X.production.sym \
  --cmf=dist/default/production\PWM-Olusturma.X.production.cmf -z -Q16F877A \
  -oC:\Users\Admin\AppData\Local\Temp\xcAsd98.4 --defsym=__MPLAB_BUILD=1 \
  -Mdist/default/production/PWM-Olusturma.X.production.map -E1 \
  -ver=XC8 Compiler --acfsm=1493 -ASTACK=0110h-016Fh -pstack=STACK \
  -ACODE=00h-07FFhx4 -ASTRCODE=00h-01FFFh -ASTRING=00h-0FFhx32 \
  -ACONST=00h-0FFhx32 -AENTRY=00h-0FFhx32 -ACOMMON=070h-07Fh \
  -ABANK0=020h-06Fh -ABANK1=0A0h-0EFh -ABANK2=0110h-016Fh \
  -ABANK3=0190h-01EFh -ARAM=020h-06Fh,0A0h-0EFh,0110h-016Fh,0190h-01EFh \
  -AABS1=020h-07Fh,0A0h-0EFh,0110h-016Fh,0190h-01EFh -ASFR0=00h-01Fh \
  -ASFR1=080h-09Fh -ASFR2=0100h-010Fh -ASFR3=0180h-018Fh \
  -ACONFIG=02007h-02007h -DCONFIG=2 -AIDLOC=02000h-02003h -DIDLOC=2 \
  -AEEDATA=00h-0FFh/02100h -peeprom_data=EEDATA -DEEDATA=2 -DCODE=2 \
  -DSTRCODE=2 -DSTRING=2 -DCONST=2 -DENTRY=2 \
  -preset_vec=00h,intentry,init,end_init -ppowerup=CODE -pcinit=CODE \
  -pfunctab=ENTRY -k C:\Users\Admin\AppData\Local\Temp\xcAsd98.o \
  dist/default/production\PWM-Olusturma.X.production.o 

Object code version is 3.11

Machine type is 16F877A



                Name                               Link     Load   Length Selector   Space Scale
C:\Users\Admin\AppData\Local\Temp\xcAsd98.o
                end_init                              0        0        3        0       0
                config                             2007     2007        1        0       4
dist/default/production\PWM-Olusturma.X.production.o
                cinit                               7FC      7FC        4      FF8       0
                config                             2007     2007        1        0       4
                text9                               6C7      6C7       69      D8E       0
                text8                               66E      66E       59      CDC       0
                text7                               593      593        5      B26       0
                text6                               5E6      5E6       25      BCC       0
                text5                               5A8      5A8       1A      B50       0
                text4                               598      598       10      B30       0
                text3                               630      630       3E      C60       0
                text2                               60B      60B       25      C16       0
                text1                               5C2      5C2       24      B84       0
                maintext                            730      730       CC      E60       0
                cstackBANK0                          20       20        A       20       1
                cstackCOMMON                         70       70        E       70       1
                strings                               3        3        F        6       0

TOTAL           Name                               Link     Load   Length     Space
        CLASS   STACK          

        CLASS   CODE           
                end_init                              0        0        3         0
                cinit                               7FC      7FC        4         0
                text9                               6C7      6C7       69         0
                text8                               66E      66E       59         0
                text7                               593      593        5         0
                text6                               5E6      5E6       25         0
                text5                               5A8      5A8       1A         0
                text4                               598      598       10         0
                text3                               630      630       3E         0
                text2                               60B      60B       25         0
                text1                               5C2      5C2       24         0
                maintext                            730      730       CC         0

        CLASS   STRCODE        

        CLASS   STRING         
                strings                               3        3        F         0

        CLASS   CONST          

        CLASS   ENTRY          

        CLASS   COMMON         
                cstackCOMMON                         70       70        E         1

        CLASS   BANK0          
                cstackBANK0                          20       20        A         1

        CLASS   BANK1          

        CLASS   BANK2          

        CLASS   BANK3          

        CLASS   RAM            

        CLASS   ABS1           
                abs_s1                               7E       7E        2         1

        CLASS   SFR0           

        CLASS   SFR1           

        CLASS   SFR2           

        CLASS   SFR3           

        CLASS   CONFIG         
                config                             2007     2007        1         4

        CLASS   IDLOC          

        CLASS   EEDATA         



SEGMENTS        Name                           Load    Length   Top    Selector   Space  Class     Delta

                reset_vec                      000000  000003  000003         0       0  CODE        2
                strings                        000003  00000F  000012         6       0  STRING      2
                cstackBANK0                    000020  00000A  00002A        20       1  BANK0       1
                cstackCOMMON                   000070  00000E  00007E        70       1  COMMON      1
                text7                          000593  000005  000598       B26       0  CODE        2
                text4                          000598  000010  0005A8       B30       0  CODE        2
                text5                          0005A8  00001A  0005C2       B50       0  CODE        2
                text1                          0005C2  000024  0005E6       B84       0  CODE        2
                text6                          0005E6  000025  00060B       BCC       0  CODE        2
                text2                          00060B  000025  000630       C16       0  CODE        2
                text3                          000630  00003E  00066E       C60       0  CODE        2
                text8                          00066E  000059  0006C7       CDC       0  CODE        2
                text9                          0006C7  000069  000730       D8E       0  CODE        2
                maintext                       000730  0000CC  0007FC       E60       0  CODE        2
                cinit                          0007FC  000004  000800       FF8       0  CODE        2


UNUSED ADDRESS RANGES

        Name                Unused          Largest block    Delta
        BANK0            002A-006F             46           1
        BANK1            00A0-00EF             50           1
        BANK2            0110-016F             60           1
        BANK3            0190-01EF             60           1
        CODE             0012-0592            581           2
                         0800-1FFF            800
        CONST            0012-0592            100           2
                         0800-1FFF            100
        EEDATA           2100-21FF            100           2
        ENTRY            0012-0592            100           2
                         0800-1FFF            100
        IDLOC            2000-2003              4           2
        RAM              002A-006F             46           1
                         00A0-00EF             50
                         0110-016F             60
                         0190-01EF             60
        SFR0             0000-001F             20           1
        SFR1             0080-009F             20           1
        SFR2             0100-010F             10           1
        SFR3             0180-018F             10           1
        STACK            0110-016F             60           1
        STRCODE          0012-0592            581           2
                         0800-1FFF           1800
        STRING           0012-0592            100           2
                         0800-1FFF            100

                                  Symbol Table

?___awdiv                cstackCOMMON 0077
?___awmod                cstackCOMMON 0070
_CCP1CON                 (abs)        0017
_CCP1X                   (abs)        00BD
_CCP1Y                   (abs)        00BC
_CCPR1L                  (abs)        0015
_PORTB                   (abs)        0006
_PORTC                   (abs)        0007
_PR2                     (abs)        0092
_RB0                     (abs)        0030
_RB1                     (abs)        0031
_RB2                     (abs)        0032
_T2CON                   (abs)        0012
_TMR2                    (abs)        0011
_TRISB                   (abs)        0086
_TRISC                   (abs)        0087
__Habs1                  abs1         0000
__Hbank0                 bank0        0000
__Hbank1                 bank1        0000
__Hbank2                 bank2        0000
__Hbank3                 bank3        0000
__Hcinit                 cinit        0800
__Hclrtext               clrtext      0000
__Hcode                  code         0000
__Hcommon                common       0000
__Hconfig                config       2008
__HcstackBANK0           cstackBANK0  0000
__HcstackCOMMON          cstackCOMMON 0000
__Heeprom_data           eeprom_data  0000
__Hend_init              end_init     0003
__Hfunctab               functab      0000
__Hinit                  init         0000
__Hintentry              intentry     0000
__Hmaintext              maintext     0000
__Hpowerup               powerup      0000
__Hram                   ram          0000
__Hreset_vec             reset_vec    0000
__Hsfr0                  sfr0         0000
__Hsfr1                  sfr1         0000
__Hsfr2                  sfr2         0000
__Hsfr3                  sfr3         0000
__Hspace_0               (abs)        0800
__Hspace_1               (abs)        007E
__Hspace_2               (abs)        0000
__Hspace_3               (abs)        0000
__Hspace_4               (abs)        400F
__Hstack                 stack        0000
__Hstrings               strings      0000
__Htext                  text         0000
__Labs1                  abs1         0000
__Lbank0                 bank0        0000
__Lbank1                 bank1        0000
__Lbank2                 bank2        0000
__Lbank3                 bank3        0000
__Lcinit                 cinit        07FC
__Lclrtext               clrtext      0000
__Lcode                  code         0000
__Lcommon                common       0000
__Lconfig                config       0000
__LcstackBANK0           cstackBANK0  0000
__LcstackCOMMON          cstackCOMMON 0000
__Leeprom_data           eeprom_data  0000
__Lend_init              end_init     0000
__Lfunctab               functab      0000
__Linit                  init         0000
__Lintentry              intentry     0000
__Lmaintext              maintext     0000
__Lpowerup               powerup      0000
__Lram                   ram          0000
__Lreset_vec             reset_vec    0000
__Lsfr0                  sfr0         0000
__Lsfr1                  sfr1         0000
__Lsfr2                  sfr2         0000
__Lsfr3                  sfr3         0000
__Lspace_0               (abs)        0000
__Lspace_1               (abs)        0000
__Lspace_2               (abs)        0000
__Lspace_3               (abs)        0000
__Lspace_4               (abs)        0000
__Lstack                 stack        0000
__Lstrings               strings      0000
__Ltext                  text         0000
__S0                     (abs)        0800
__S1                     (abs)        007E
__S2                     (abs)        0000
__S3                     (abs)        0000
___awdiv                 text9        06C7
___awdiv@counter         cstackBANK0  0020
___awdiv@dividend        cstackCOMMON 0079
___awdiv@divisor         cstackCOMMON 0077
___awdiv@quotient        cstackBANK0  0022
___awdiv@sign            cstackBANK0  0021
___awmod                 text8        066E
___awmod@counter         cstackCOMMON 0075
___awmod@dividend        cstackCOMMON 0072
___awmod@divisor         cstackCOMMON 0070
___awmod@sign            cstackCOMMON 0076
___int_sp                stack        0000
___latbits               (abs)        0002
___sp                    stack        0000
___stackhi               (abs)        0000
___stacklo               (abs)        0000
__end_of___awdiv         text9        0730
__end_of___awmod         text8        06C7
__end_of__initialization cinit        07FC
__end_of__stringtab      strings      0009
__end_of_bekle           text7        0598
__end_of_lcd_gotoxy      text5        05C2
__end_of_lcd_hazirla     text3        066E
__end_of_lcd_komut       text6        060B
__end_of_lcd_sil         text4        05A8
__end_of_lcd_yaz         text1        05E6
__end_of_main            maintext     07FC
__end_of_veri_yolla      text2        0630
__initialization         cinit        07FC
__pcstackBANK0           cstackBANK0  0020
__pcstackCOMMON          cstackCOMMON 0070
__pmaintext              maintext     0730
__pstrings               strings      0003
__ptext1                 text1        05C2
__ptext2                 text2        060B
__ptext3                 text3        0630
__ptext4                 text4        0598
__ptext5                 text5        05A8
__ptext6                 text6        05E6
__ptext7                 text7        0593
__ptext8                 text8        066E
__ptext9                 text9        06C7
__size_of___awdiv        (abs)        0000
__size_of___awmod        (abs)        0000
__size_of_bekle          (abs)        0000
__size_of_lcd_gotoxy     (abs)        0000
__size_of_lcd_hazirla    (abs)        0000
__size_of_lcd_komut      (abs)        0000
__size_of_lcd_sil        (abs)        0000
__size_of_lcd_yaz        (abs)        0000
__size_of_main           (abs)        0000
__size_of_veri_yolla     (abs)        0000
__stringbase             strings      0008
__stringtab              strings      0003
_bekle                   text7        0593
_lcd_gotoxy              text5        05A8
_lcd_hazirla             text3        0630
_lcd_komut               text6        05E6
_lcd_sil                 text4        0598
_lcd_yaz                 text1        05C2
_main                    maintext     0730
_veri_yolla              text2        060B
btemp                    (abs)        007E
end_of_initialization    cinit        07FC
intlevel0                functab      0000
intlevel1                functab      0000
intlevel2                functab      0000
intlevel3                functab      0000
intlevel4                functab      0000
intlevel5                functab      0000
lcd_gotoxy@x             cstackCOMMON 0074
lcd_gotoxy@y             cstackCOMMON 0073
lcd_komut@c              cstackCOMMON 0072
lcd_yaz@s                cstackCOMMON 0074
main@deger               cstackCOMMON 007C
reset_vec                reset_vec    0000
start                    init         0000
start_initialization     cinit        07FC
veri_yolla@c             cstackCOMMON 0072
wtemp0                   (abs)        007E


MODULE INFORMATION

Module		Function		Class		Link	Load	Size
PWM-Olusturma.c
		_main          		CODE           	0730	0000	204

PWM-Olusturma.c estimated size: 204

C:\Program Files\Microchip\xc8\v2.32\pic\sources\c90\common\awmod.c
		___awmod       		CODE           	066E	0000	89

C:\Program Files\Microchip\xc8\v2.32\pic\sources\c90\common\awmod.c estimated size: 89

shared
		__stringtab    		STRING         	0003	0000	6
		__initialization		CODE           	07FC	0000	1

shared estimated size: 7

lcd_library.c
		_lcd_sil       		CODE           	0598	0000	16
		_lcd_hazirla   		CODE           	0630	0000	62
		_lcd_komut     		CODE           	05E6	0000	37
		_lcd_gotoxy    		CODE           	05A8	0000	26
		_bekle         		CODE           	0593	0000	5
		_veri_yolla    		CODE           	060B	0000	37
		_lcd_yaz       		CODE           	05C2	0000	36

lcd_library.c estimated size: 219

C:\Program Files\Microchip\xc8\v2.32\pic\sources\c90\common\awdiv.c
		___awdiv       		CODE           	06C7	0000	105

C:\Program Files\Microchip\xc8\v2.32\pic\sources\c90\common\awdiv.c estimated size: 105

