Microchip MPLAB XC8 Compiler V2.32

Linker command line:

-W-3 --edf=C:\Program Files\Microchip\xc8\v2.32\pic\dat\en_msgs.txt -cn \
  -h+dist/default/production\DC-Motor-Hiz-Kontrol-2.X.production.sym \
  --cmf=dist/default/production\DC-Motor-Hiz-Kontrol-2.X.production.cmf -z \
  -Q16F877A -oC:\Users\Admin\AppData\Local\Temp\xcAs1u8.4 \
  --defsym=__MPLAB_BUILD=1 \
  -Mdist/default/production/DC-Motor-Hiz-Kontrol-2.X.production.map -E1 \
  -ver=XC8 Compiler --acfsm=1493 -ASTACK=0110h-016Fh -pstack=STACK \
  -ACODE=00h-07FFhx4 -ASTRCODE=00h-01FFFh -ASTRING=00h-0FFhx32 \
  -ACONST=00h-0FFhx32 -AENTRY=00h-0FFhx32 -ACOMMON=070h-07Fh \
  -ABANK0=020h-06Fh -ABANK1=0A0h-0EFh -ABANK2=0110h-016Fh \
  -ABANK3=0190h-01EFh -ARAM=020h-06Fh,0A0h-0EFh,0110h-016Fh,0190h-01EFh \
  -AABS1=020h-07Fh,0A0h-0EFh,0110h-016Fh,0190h-01EFh -ASFR0=00h-01Fh \
  -ASFR1=080h-09Fh -ASFR2=0100h-010Fh -ASFR3=0180h-018Fh \
  -ACONFIG=02007h-02007h -DCONFIG=2 -AIDLOC=02000h-02003h -DIDLOC=2 \
  -AEEDATA=00h-0FFh/02100h -peeprom_data=EEDATA -DEEDATA=2 -DCODE=2 \
  -DSTRCODE=2 -DSTRING=2 -DCONST=2 -DENTRY=2 \
  -preset_vec=00h,intentry,init,end_init -ppowerup=CODE -pcinit=CODE \
  -pfunctab=ENTRY -k C:\Users\Admin\AppData\Local\Temp\xcAs1u8.o \
  dist/default/production\DC-Motor-Hiz-Kontrol-2.X.production.o 

Object code version is 3.11

Machine type is 16F877A



                Name                               Link     Load   Length Selector   Space Scale
C:\Users\Admin\AppData\Local\Temp\xcAs1u8.o
                end_init                              0        0        3        0       0
                config                             2007     2007        1        0       4
dist/default/production\DC-Motor-Hiz-Kontrol-2.X.production.o
                cinit                               7F8      7F8        8      FF0       0
                config                             2007     2007        1        0       4
                text13                              10F      10F       69      21E       0
                text12                               B6       B6       59      16C       0
                text11                               51       51       27       A2       0
                text10                              497      497      361      92E       0
                text9                               178      178       7C      2F0       0
                text8                               1F4      1F4       BA      3E8       0
                text7                               FAD      FAD        5     1F5A       0
                text6                                 7        7       25        E       0
                text5                               FC2      FC2       1A     1F84       0
                text4                               FB2      FB2       10     1F64       0
                text3                                78       78       3E       F0       0
                text2                                2C       2C       25       58       0
                text1                               FDC      FDC       24     1FB8       0
                maintext                            2AE      2AE      1E9      55C       0
                cstackBANK0                          20       20       27       20       1
                cstackCOMMON                         70       70        E       70       1
                bssBANK0                             47       47        2       20       1
                strings                             800      800       18     1000       0

TOTAL           Name                               Link     Load   Length     Space
        CLASS   STACK          

        CLASS   CODE           
                end_init                              0        0        3         0
                cinit                               7F8      7F8        8         0
                text13                              10F      10F       69         0
                text12                               B6       B6       59         0
                text11                               51       51       27         0
                text10                              497      497      361         0
                text9                               178      178       7C         0
                text8                               1F4      1F4       BA         0
                text7                               FAD      FAD        5         0
                text6                                 7        7       25         0
                text5                               FC2      FC2       1A         0
                text4                               FB2      FB2       10         0
                text3                                78       78       3E         0
                text2                                2C       2C       25         0
                text1                               FDC      FDC       24         0
                maintext                            2AE      2AE      1E9         0

        CLASS   STRCODE        

        CLASS   STRING         
                strings                             800      800       18         0

        CLASS   CONST          

        CLASS   ENTRY          

        CLASS   COMMON         
                cstackCOMMON                         70       70        E         1

        CLASS   BANK0          
                cstackBANK0                          20       20       27         1
                bssBANK0                             47       47        2         1

        CLASS   BANK1          

        CLASS   BANK2          

        CLASS   BANK3          

        CLASS   RAM            

        CLASS   ABS1           
                abs_s1                               7E       7E        2         1

        CLASS   SFR0           

        CLASS   SFR1           

        CLASS   SFR2           

        CLASS   SFR3           

        CLASS   CONFIG         
                config                             2007     2007        1         4

        CLASS   IDLOC          

        CLASS   EEDATA         



SEGMENTS        Name                           Load    Length   Top    Selector   Space  Class     Delta

                reset_vec                      000000  000003  000003         0       0  CODE        2
                text6                          000007  000025  00002C         E       0  CODE        2
                cstackBANK0                    000020  000029  000049        20       1  BANK0       1
                text2                          00002C  000025  000051        58       0  CODE        2
                cstackCOMMON                   000070  00000E  00007E        70       1  COMMON      1
                text11                         000051  000027  000078        A2       0  CODE        2
                text3                          000078  00003E  0000B6        F0       0  CODE        2
                text12                         0000B6  000059  00010F       16C       0  CODE        2
                text13                         00010F  000069  000178       21E       0  CODE        2
                text9                          000178  00007C  0001F4       2F0       0  CODE        2
                text8                          0001F4  0000BA  0002AE       3E8       0  CODE        2
                maintext                       0002AE  0001E9  000497       55C       0  CODE        2
                text10                         000497  000361  0007F8       92E       0  CODE        2
                cinit                          0007F8  000008  000800       FF0       0  CODE        2
                strings                        000800  000018  000818      1000       0  STRING      2
                text7                          000FAD  000005  000FB2      1F5A       0  CODE        2
                text4                          000FB2  000010  000FC2      1F64       0  CODE        2
                text5                          000FC2  00001A  000FDC      1F84       0  CODE        2
                text1                          000FDC  000024  001000      1FB8       0  CODE        2


UNUSED ADDRESS RANGES

        Name                Unused          Largest block    Delta
        BANK0            0049-006F             27           1
        BANK1            00A0-00EF             50           1
        BANK2            0110-016F             60           1
        BANK3            0190-01EF             60           1
        CODE             0003-0006              4           2
                         0818-0FAC            795
                         1000-1FFF            800
        CONST            0003-0006              4           2
                         0818-0FAC            100
                         1000-1FFF            100
        EEDATA           2100-21FF            100           2
        ENTRY            0003-0006              4           2
                         0818-0FAC            100
                         1000-1FFF            100
        IDLOC            2000-2003              4           2
        RAM              0049-006F             27           1
                         00A0-00EF             50
                         0110-016F             60
                         0190-01EF             60
        SFR0             0000-001F             20           1
        SFR1             0080-009F             20           1
        SFR2             0100-010F             10           1
        SFR3             0180-018F             10           1
        STACK            0110-016F             60           1
        STRCODE          0003-0006              4           2
                         0818-0FAC            795
                         1000-1FFF           1000
        STRING           0003-0006              4           2
                         0818-0FAC            100
                         1000-1FFF            100

                                  Symbol Table

?__Umul8_16              cstackCOMMON 0070
?___awdiv                cstackCOMMON 0077
?___awmod                cstackCOMMON 0070
?___flmul                cstackBANK0  0020
?___fltol                cstackBANK0  003A
?___xxtofl               cstackCOMMON 0070
_ADCON0bits              (abs)        001F
_ADCON1bits              (abs)        009F
_ADRESH                  (abs)        001E
_ADRESL                  (abs)        009E
_CCP2CON                 (abs)        001D
_CCP2X                   (abs)        00ED
_CCP2Y                   (abs)        00EC
_CCPR2L                  (abs)        001B
_PORTA                   (abs)        0005
_PORTB                   (abs)        0006
_PORTC                   (abs)        0007
_PORTCbits               (abs)        0007
_PR2                     (abs)        0092
_RB0                     (abs)        0030
_RB1                     (abs)        0031
_RB2                     (abs)        0032
_T2CON                   (abs)        0012
_TMR2                    (abs)        0011
_TRISA                   (abs)        0085
_TRISB                   (abs)        0086
_TRISC                   (abs)        0087
__Habs1                  abs1         0000
__Hbank0                 bank0        0000
__Hbank1                 bank1        0000
__Hbank2                 bank2        0000
__Hbank3                 bank3        0000
__HbssBANK0              bssBANK0     0000
__Hcinit                 cinit        0800
__Hclrtext               clrtext      0000
__Hcode                  code         0000
__Hcommon                common       0000
__Hconfig                config       2008
__HcstackBANK0           cstackBANK0  0000
__HcstackCOMMON          cstackCOMMON 0000
__Heeprom_data           eeprom_data  0000
__Hend_init              end_init     0003
__Hfunctab               functab      0000
__Hinit                  init         0000
__Hintentry              intentry     0000
__Hmaintext              maintext     0000
__Hpowerup               powerup      0000
__Hram                   ram          0000
__Hreset_vec             reset_vec    0000
__Hsfr0                  sfr0         0000
__Hsfr1                  sfr1         0000
__Hsfr2                  sfr2         0000
__Hsfr3                  sfr3         0000
__Hspace_0               (abs)        1000
__Hspace_1               (abs)        007E
__Hspace_2               (abs)        0000
__Hspace_3               (abs)        0000
__Hspace_4               (abs)        400F
__Hstack                 stack        0000
__Hstrings               strings      0000
__Htext                  text         0000
__Labs1                  abs1         0000
__Lbank0                 bank0        0000
__Lbank1                 bank1        0000
__Lbank2                 bank2        0000
__Lbank3                 bank3        0000
__LbssBANK0              bssBANK0     0000
__Lcinit                 cinit        07F8
__Lclrtext               clrtext      0000
__Lcode                  code         0000
__Lcommon                common       0000
__Lconfig                config       0000
__LcstackBANK0           cstackBANK0  0000
__LcstackCOMMON          cstackCOMMON 0000
__Leeprom_data           eeprom_data  0000
__Lend_init              end_init     0000
__Lfunctab               functab      0000
__Linit                  init         0000
__Lintentry              intentry     0000
__Lmaintext              maintext     0000
__Lpowerup               powerup      0000
__Lram                   ram          0000
__Lreset_vec             reset_vec    0000
__Lsfr0                  sfr0         0000
__Lsfr1                  sfr1         0000
__Lsfr2                  sfr2         0000
__Lsfr3                  sfr3         0000
__Lspace_0               (abs)        0000
__Lspace_1               (abs)        0000
__Lspace_2               (abs)        0000
__Lspace_3               (abs)        0000
__Lspace_4               (abs)        0000
__Lstack                 stack        0000
__Lstrings               strings      0000
__Ltext                  text         0000
__S0                     (abs)        1000
__S1                     (abs)        007E
__S2                     (abs)        0000
__S3                     (abs)        0000
__Umul8_16               text11       0051
__Umul8_16@multiplicand  cstackCOMMON 0070
__Umul8_16@multiplier    cstackCOMMON 0078
__Umul8_16@product       cstackCOMMON 0074
__Umul8_16@word_mpld     cstackCOMMON 0076
___awdiv                 text13       010F
___awdiv@counter         cstackBANK0  0020
___awdiv@dividend        cstackCOMMON 0079
___awdiv@divisor         cstackCOMMON 0077
___awdiv@quotient        cstackBANK0  0022
___awdiv@sign            cstackBANK0  0021
___awmod                 text12       00B6
___awmod@counter         cstackCOMMON 0075
___awmod@dividend        cstackCOMMON 0072
___awmod@divisor         cstackCOMMON 0070
___awmod@sign            cstackCOMMON 0076
___flmul                 text10       0497
___flmul@a               cstackBANK0  0024
___flmul@aexp            cstackBANK0  0032
___flmul@b               cstackBANK0  0020
___flmul@bexp            cstackBANK0  0033
___flmul@grs             cstackBANK0  002E
___flmul@prod            cstackBANK0  0034
___flmul@sign            cstackBANK0  002D
___flmul@temp            cstackBANK0  0038
___fltol                 text9        0178
___fltol@exp1            cstackBANK0  0044
___fltol@f1              cstackBANK0  003A
___fltol@sign1           cstackBANK0  0043
___int_sp                stack        0000
___latbits               (abs)        0002
___sp                    stack        0000
___stackhi               (abs)        0000
___stacklo               (abs)        0000
___xxtofl                text8        01F4
___xxtofl@arg            cstackCOMMON 007A
___xxtofl@exp            cstackCOMMON 0079
___xxtofl@sign           cstackCOMMON 0078
___xxtofl@val            cstackCOMMON 0070
__end_of__Umul8_16       text11       0078
__end_of___awdiv         text13       0178
__end_of___awmod         text12       010F
__end_of___flmul         text10       07F8
__end_of___fltol         text9        01F4
__end_of___xxtofl        text8        02AE
__end_of__initialization cinit        07FC
__end_of__stringtab      strings      0806
__end_of_bekle           text7        0FB2
__end_of_lcd_gotoxy      text5        0FDC
__end_of_lcd_hazirla     text3        00B6
__end_of_lcd_komut       text6        002C
__end_of_lcd_sil         text4        0FC2
__end_of_lcd_yaz         text1        1000
__end_of_main            maintext     0497
__end_of_oran            strings      080A
__end_of_veri_yolla      text2        0051
__initialization         cinit        07F8
__pbssBANK0              bssBANK0     0047
__pcstackBANK0           cstackBANK0  0020
__pcstackCOMMON          cstackCOMMON 0070
__pmaintext              maintext     02AE
__pstrings               strings      0800
__ptext1                 text1        0FDC
__ptext10                text10       0497
__ptext11                text11       0051
__ptext12                text12       00B6
__ptext13                text13       010F
__ptext2                 text2        002C
__ptext3                 text3        0078
__ptext4                 text4        0FB2
__ptext5                 text5        0FC2
__ptext6                 text6        0007
__ptext7                 text7        0FAD
__ptext8                 text8        01F4
__ptext9                 text9        0178
__size_of__Umul8_16      (abs)        0000
__size_of___awdiv        (abs)        0000
__size_of___awmod        (abs)        0000
__size_of___flmul        (abs)        0000
__size_of___fltol        (abs)        0000
__size_of___xxtofl       (abs)        0000
__size_of_bekle          (abs)        0000
__size_of_lcd_gotoxy     (abs)        0000
__size_of_lcd_hazirla    (abs)        0000
__size_of_lcd_komut      (abs)        0000
__size_of_lcd_sil        (abs)        0000
__size_of_lcd_yaz        (abs)        0000
__size_of_main           (abs)        0000
__size_of_veri_yolla     (abs)        0000
__stringbase             strings      0805
__stringtab              strings      0800
_bekle                   text7        0FAD
_duty                    bssBANK0     0047
_lcd_gotoxy              text5        0FC2
_lcd_hazirla             text3        0078
_lcd_komut               text6        0007
_lcd_sil                 text4        0FB2
_lcd_yaz                 text1        0FDC
_main                    maintext     02AE
_veri_yolla              text2        002C
btemp                    (abs)        007E
end_of_initialization    cinit        07FC
intlevel0                functab      0000
intlevel1                functab      0000
intlevel2                functab      0000
intlevel3                functab      0000
intlevel4                functab      0000
intlevel5                functab      0000
lcd_gotoxy@x             cstackCOMMON 0074
lcd_gotoxy@y             cstackCOMMON 0073
lcd_komut@c              cstackCOMMON 0072
lcd_yaz@s                cstackCOMMON 0074
reset_vec                reset_vec    0000
start                    init         0000
start_initialization     cinit        07F8
veri_yolla@c             cstackCOMMON 0072
wtemp0                   (abs)        007E


MODULE INFORMATION

Module		Function		Class		Link	Load	Size
C:\Program Files\Microchip\xc8\v2.32\pic\sources\c90\common\xxtofl.c
		___xxtofl      		CODE           	01F4	0000	186

C:\Program Files\Microchip\xc8\v2.32\pic\sources\c90\common\xxtofl.c estimated size: 186

C:\Program Files\Microchip\xc8\v2.32\pic\sources\c90\common\Umul8_16.c
		__Umul8_16     		CODE           	0051	0000	39

C:\Program Files\Microchip\xc8\v2.32\pic\sources\c90\common\Umul8_16.c estimated size: 39

DC-Motor-Hiz-Kontrol-2.c
		_main          		CODE           	02AE	0000	489

DC-Motor-Hiz-Kontrol-2.c estimated size: 489

C:\Program Files\Microchip\xc8\v2.32\pic\sources\c90\common\awmod.c
		___awmod       		CODE           	00B6	0000	89

C:\Program Files\Microchip\xc8\v2.32\pic\sources\c90\common\awmod.c estimated size: 89

shared
		__stringtab    		STRING         	0800	0000	6
		_oran          		STRING         	0000	0000	0
		__initialization		CODE           	07F8	0000	4

shared estimated size: 10

C:\Program Files\Microchip\xc8\v2.32\pic\sources\c90\common\sprcmul.c
		___flmul       		CODE           	0497	0000	865

C:\Program Files\Microchip\xc8\v2.32\pic\sources\c90\common\sprcmul.c estimated size: 865

lcd_library.c
		_lcd_sil       		CODE           	0FB2	0000	16
		_lcd_hazirla   		CODE           	0078	0000	62
		_lcd_komut     		CODE           	0007	0000	37
		_lcd_gotoxy    		CODE           	0FC2	0000	26
		_bekle         		CODE           	0FAD	0000	5
		_veri_yolla    		CODE           	002C	0000	37
		_lcd_yaz       		CODE           	0FDC	0000	36

lcd_library.c estimated size: 219

C:\Program Files\Microchip\xc8\v2.32\pic\sources\c90\common\awdiv.c
		___awdiv       		CODE           	010F	0000	105

C:\Program Files\Microchip\xc8\v2.32\pic\sources\c90\common\awdiv.c estimated size: 105

C:\Program Files\Microchip\xc8\v2.32\pic\sources\c90\common\fltol.c
		___fltol       		CODE           	0178	0000	124

C:\Program Files\Microchip\xc8\v2.32\pic\sources\c90\common\fltol.c estimated size: 124

